// Jest Snapshot v1, https://goo.gl/fbAQLP

exports[`<ExpenseListItem /> should remder list it with expense 1`] = `
<Link
  class="list-item"
  replace={false}
  to="edit/id_1"
>
  <div
    className="list-item__header"
  >
    <h3
      className="list-item__title"
    >
      Gum
    </h3>
    <span
      className="list-item__sub-title"
    >
      December 31st, 1969
    </span>
  </div>
  <h3
    className="list-item__data"
  >
    $1.95
  </h3>
</Link>
`;
