// Jest Snapshot v1, https://goo.gl/fbAQLP

exports[`ExpenseList should remder list with expenses 1`] = `
<div>
  <ExpenseListItem
    amount={195}
    createdAt={0}
    description="Gum"
    id="id_1"
    key="id_1"
    note=""
  />
  <ExpenseListItem
    amount={109500}
    createdAt={-345600000}
    description="Rent"
    id="id_2"
    key="id_2"
    note=""
  />
  <ExpenseListItem
    amount={4500}
    createdAt={345600000}
    description="Credit Card"
    id="id_3"
    key="id_3"
    note=""
  />
</div>
`;

exports[`ExpenseList should show default message with empty expenses 1`] = `
<div>
  <p>
    No expenses.
  </p>
</div>
`;
