// Jest Snapshot v1, https://goo.gl/fbAQLP

exports[`<LoginPage /> should render page correctly 1`] = `
<div>
  <h1>
    Login
  </h1>
  <p>
    <button
      onClick={[Function]}
    >
      Login
    </button>
  </p>
</div>
`;
