// Jest Snapshot v1, https://goo.gl/fbAQLP

exports[`ExpenseListItem should remder list it with expense 1`] = `
<div>
  <h3>
    <Link
      replace={false}
      to="edit/1"
    >
      Gum
    </Link>
  </h3>
  <p>
    $1.95
    -
    December 31st, 1969
  </p>
</div>
`;
